// Jest Snapshot v1, https://goo.gl/fbAQLP

exports[`UserCard component matches snapshot 1`] = `
"<div class=\\"makeStyles-container-6\\">
  <div class=\\"makeStyles-header-7\\">
    <div>James,</div>
    <div></div>
  </div>
  <div class=\\"makeStyles-mediaContainer-8\\"><img alt=\\"James\\" src=\\"\\"></div>
  <div class=\\"makeStyles-biography-9\\">Hey, stranger</div>
  <div class=\\"makeStyles-actions-10\\"><button class=\\"MuiButtonBase-root MuiIconButton-root\\" tabindex=\\"0\\" type=\\"button\\"><span class=\\"MuiIconButton-label\\"><svg class=\\"MuiSvgIcon-root\\" focusable=\\"false\\" viewBox=\\"0 0 24 24\\" aria-hidden=\\"true\\"><path d=\\"M12 21.35l-1.45-1.32C5.4 15.36 2 12.28 2 8.5 2 5.42 4.42 3 7.5 3c1.74 0 3.41.81 4.5 2.09C13.09 3.81 14.76 3 16.5 3 19.58 3 22 5.42 22 8.5c0 3.78-3.4 6.86-8.55 11.54L12 21.35z\\"></path></svg></span><span class=\\"MuiTouchRipple-root\\"></span></button><button class=\\"MuiButtonBase-root MuiIconButton-root\\" tabindex=\\"0\\" type=\\"button\\"><span class=\\"MuiIconButton-label\\"><svg class=\\"MuiSvgIcon-root\\" focusable=\\"false\\" viewBox=\\"0 0 24 24\\" aria-hidden=\\"true\\"><path d=\\"M19 6.41L17.59 5 12 10.59 6.41 5 5 6.41 10.59 12 5 17.59 6.41 19 12 13.41 17.59 19 19 17.59 13.41 12z\\"></path></svg></span><span class=\\"MuiTouchRipple-root\\"></span></button></div>
</div>"
`;
